STM32_timer_interrupt_lib.c:20:6:Error_Handler	4	static,ignoring_inline_asm
STM32_timer_interrupt_lib.c:29:6:init_hal	8	static
STM32_timer_interrupt_lib.c:37:6:config_system_clock	184	static
STM32_timer_interrupt_lib.c:97:6:init_gpio	40	static
STM32_timer_interrupt_lib.c:132:6:init_uart	16	static
STM32_timer_interrupt_lib.c:161:6:init_tim1	56	static
STM32_timer_interrupt_lib.c:202:6:init_tim2	56	static
STM32_timer_interrupt_lib.c:236:6:tim_base_start_interrupt	8	static
STM32_timer_interrupt_lib.c:248:6:HAL_TIM_PeriodElapsedCallback	16	static
