STM32_timer_interrupt_lib.c:20:6:Error_Handler	4	static,ignoring_inline_asm
STM32_timer_interrupt_lib.c:29:6:init_hal	8	static
STM32_timer_interrupt_lib.c:37:6:config_system_clock	184	static
STM32_timer_interrupt_lib.c:100:6:init_gpio	40	static
STM32_timer_interrupt_lib.c:134:6:init_uart	8	static
STM32_timer_interrupt_lib.c:163:6:init_tim1	56	static
STM32_timer_interrupt_lib.c:206:6:init_tim2	56	static
STM32_timer_interrupt_lib.c:242:6:tim_base_start_interrupt	8	static
STM32_timer_interrupt_lib.c:252:6:HAL_TIM_PeriodElapsedCallback	16	static
